// Jest Snapshot v1, https://goo.gl/fbAQLP

exports[`bigLogo Render correctly 1`] = `
<v-container
  class="grey lighten-5 mainLogo"
  id="logo"
>
  <img
    alt="Rating Movies Logo"
    src="@/assets/ratingMoviesLogo.png"
  />
</v-container>
`;
